// Jest Snapshot v1, https://goo.gl/fbAQLP

exports[`matches snapshot 1`] = `
<DocumentFragment>
   
  <div>
    <nav
      class="navbar navbar-expand-md"
    >
      <div
        class="container-fluid"
      >
        <a
          aria-current="page"
          class="navbar-brand active"
          exact="true"
          href="/"
        >
          Library
        </a>
        <ul
          class="ml-auto navbar-nav"
        >
          <li
            class="nav-item"
          >
            <a
              class=""
              href="/login"
            >
              Login
            </a>
          </li>
        </ul>
      </div>
    </nav>
  </div>
   
</DocumentFragment>
`;
