// Jest Snapshot v1, https://goo.gl/fbAQLP

exports[`matches snapshot 1`] = `
<DocumentFragment>
  <div
    class="StudentCard card"
  >
    <div
      class="row"
    >
      <div
        class="col"
      >
        <h6
          class="card-title"
        >
          test student
        </h6>
      </div>
      <div
        class="col"
      >
<<<<<<< Updated upstream
        <svg
          aria-labelledby="svg-inline--fa-title-CUpsAwnhoJs2"
          class="svg-inline--fa fa-book-open fa-lg btn btn-primary"
          data-icon="book-open"
          data-prefix="fas"
          role="img"
          viewBox="0 0 576 512"
          xmlns="http://www.w3.org/2000/svg"
        >
          <title
            id="svg-inline--fa-title-CUpsAwnhoJs2"
          >
            has-book
          </title>
          <path
            d="M249.6 471.5c10.8 3.8 22.4-4.1 22.4-15.5V78.6c0-4.2-1.6-8.4-5-11C247.4 52 202.4 32 144 32C93.5 32 46.3 45.3 18.1 56.1C6.8 60.5 0 71.7 0 83.8V454.1c0 11.9 12.8 20.2 24.1 16.5C55.6 460.1 105.5 448 144 448c33.9 0 79 14 105.6 23.5zm76.8 0C353 462 398.1 448 432 448c38.5 0 88.4 12.1 119.9 22.6c11.3 3.8 24.1-4.6 24.1-16.5V83.8c0-12.1-6.8-23.3-18.1-27.6C529.7 45.3 482.5 32 432 32c-58.4 0-103.4 20-123 35.6c-3.3 2.6-5 6.8-5 11V456c0 11.4 11.7 19.3 22.4 15.5z"
            fill="currentColor"
          />
        </svg>
=======
        <button
          class="btn btn-primary btn btn-secondary"
          type="button"
        >
           Check in 
        </button>
>>>>>>> Stashed changes
      </div>
    </div>
  </div>
</DocumentFragment>
`;
