// Jest Snapshot v1, https://goo.gl/fbAQLP

exports[`matches snapshot 1`] = `
<DocumentFragment>
  <div
    class="BookList container"
  >
    <h1>
      All Books
    </h1>
    <div
      class="card-group"
    />
  </div>
</DocumentFragment>
`;
